// Jest Snapshot v1, https://goo.gl/fbAQLP

exports[`metaToTraversalResult: simple metaToTraversalResult 1`] = `
Array [
  Object {
    "importPath": "",
    "importer": "someFolder/some-file",
    "resolvedImportPath": "someFolder/other-file",
  },
  Object {
    "importPath": "",
    "importer": "someFolder/entry",
    "resolvedImportPath": "someFolder/some-file",
  },
]
`;

exports[`traverseWithEsbuild stop traversing: traverseWithEsbuild stop traversing 1`] = `
Array [
  Object {
    "importPath": "",
    "importer": "src/esbuild/traverseEsbuild.ts",
    "resolvedImportPath": "../esbuild-plugins/all/dist/index.js",
  },
  Object {
    "importPath": "",
    "importer": "../esbuild-plugins/all/dist/index.js",
    "resolvedImportPath": "../esbuild-plugins/esm-externals/dist/index.js",
  },
  Object {
    "importPath": "",
    "importer": "../esbuild-plugins/esm-externals/dist/index.js",
    "resolvedImportPath": "../esbuild-plugins/esm-externals/package.json",
  },
  Object {
    "importPath": "",
    "importer": "../esbuild-plugins/node-resolve/dist/index.js",
    "resolvedImportPath": "../esbuild-plugins/node_modules/builtin-modules/index.js",
  },
  Object {
    "importPath": "",
    "importer": "../esbuild-plugins/node-resolve/dist/index.js",
    "resolvedImportPath": "../esbuild-plugins/node_modules/debug/src/index.js",
  },
  Object {
    "importPath": "",
    "importer": "../esbuild-plugins/esm-externals/dist/index.js",
    "resolvedImportPath": "../esbuild-plugins/node_modules/escape-string-regexp/index.js",
  },
  Object {
    "importPath": "",
    "importer": "../esbuild-plugins/node-resolve/dist/index.js",
    "resolvedImportPath": "../esbuild-plugins/node_modules/resolve/index.js",
  },
  Object {
    "importPath": "",
    "importer": "../esbuild-plugins/node-modules-polyfill/dist/polyfills.js",
    "resolvedImportPath": "../esbuild-plugins/node_modules/rollup-plugin-node-polyfills/polyfills/http.js",
  },
  Object {
    "importPath": "",
    "importer": "../esbuild-plugins/all/dist/index.js",
    "resolvedImportPath": "../esbuild-plugins/node-globals-polyfill/dist/index.js",
  },
  Object {
    "importPath": "",
    "importer": "../esbuild-plugins/all/dist/index.js",
    "resolvedImportPath": "../esbuild-plugins/node-modules-polyfill/dist/index.js",
  },
  Object {
    "importPath": "",
    "importer": "../esbuild-plugins/node-modules-polyfill/dist/index.js",
    "resolvedImportPath": "../esbuild-plugins/node-modules-polyfill/dist/polyfills.js",
  },
  Object {
    "importPath": "",
    "importer": "../esbuild-plugins/node-modules-polyfill/dist/index.js",
    "resolvedImportPath": "../esbuild-plugins/node-modules-polyfill/package.json",
  },
  Object {
    "importPath": "",
    "importer": "../esbuild-plugins/all/dist/index.js",
    "resolvedImportPath": "../esbuild-plugins/node-resolve/dist/index.js",
  },
  Object {
    "importPath": "",
    "importer": "../esbuild-plugins/node-resolve/dist/index.js",
    "resolvedImportPath": "../esbuild-plugins/node-resolve/package.json",
  },
  Object {
    "importPath": "",
    "importer": "src/traverse.ts",
    "resolvedImportPath": "node_modules/batched-promise-all/dist/index.js",
  },
  Object {
    "importPath": "",
    "importer": "src/support.ts",
    "resolvedImportPath": "node_modules/debug/src/index.js",
  },
  Object {
    "importPath": "",
    "importer": "src/esbuild/traverseEsbuild.ts",
    "resolvedImportPath": "node_modules/deepmerge/dist/cjs.js",
  },
  Object {
    "importPath": "",
    "importer": "src/traverse.ts",
    "resolvedImportPath": "node_modules/es-module-lexer/dist/lexer.cjs",
  },
  Object {
    "importPath": "",
    "importer": "src/esbuild/traverseEsbuild.ts",
    "resolvedImportPath": "node_modules/esbuild/lib/main.js",
  },
  Object {
    "importPath": "",
    "importer": "src/esbuild/traverseEsbuild.ts",
    "resolvedImportPath": "node_modules/fs-extra/lib/index.js",
  },
  Object {
    "importPath": "",
    "importer": "src/traverse.ts",
    "resolvedImportPath": "node_modules/is-builtin-module/index.js",
  },
  Object {
    "importPath": "",
    "importer": "tests/support.ts",
    "resolvedImportPath": "node_modules/koa-static/index.js",
  },
  Object {
    "importPath": "",
    "importer": "tests/support.ts",
    "resolvedImportPath": "node_modules/koa/lib/application.js",
  },
  Object {
    "importPath": "",
    "importer": "src/server-functions.ts",
    "resolvedImportPath": "node_modules/node-fetch/lib/index.mjs",
  },
  Object {
    "importPath": "",
    "importer": "src/support.ts",
    "resolvedImportPath": "node_modules/resolve/index.js",
  },
  Object {
    "importPath": "",
    "importer": "tests/support.ts",
    "resolvedImportPath": "node_modules/slash/index.js",
  },
  Object {
    "importPath": "",
    "importer": "src/traverse.ts",
    "resolvedImportPath": "src/constants.ts",
  },
  Object {
    "importPath": "",
    "importer": "tests/esbuild.test.ts",
    "resolvedImportPath": "src/esbuild/index.ts",
  },
  Object {
    "importPath": "",
    "importer": "src/esbuild/index.ts",
    "resolvedImportPath": "src/esbuild/traverseEsbuild.ts",
  },
  Object {
    "importPath": "",
    "importer": "src/server-functions.ts",
    "resolvedImportPath": "src/index.ts",
  },
  Object {
    "importPath": "",
    "importer": "src/traverse.ts",
    "resolvedImportPath": "src/server-functions.ts",
  },
  Object {
    "importPath": "",
    "importer": "src/traverse.ts",
    "resolvedImportPath": "src/support.ts",
  },
  Object {
    "importPath": "",
    "importer": "tests/esbuild.test.ts",
    "resolvedImportPath": "src/traverse.ts",
  },
  Object {
    "importPath": "",
    "importer": "src/index.ts",
    "resolvedImportPath": "src/types.ts",
  },
  Object {
    "importPath": "",
    "importer": "tests/esbuild.test.ts",
    "resolvedImportPath": "tests/support.ts",
  },
]
`;

exports[`traverseWithEsbuild: traverseWithEsbuild 1`] = `
Array [
  Object {
    "importPath": "",
    "importer": "src/esbuild/traverseEsbuild.ts",
    "resolvedImportPath": "../esbuild-plugins/all/dist/index.js",
  },
  Object {
    "importPath": "",
    "importer": "../esbuild-plugins/all/dist/index.js",
    "resolvedImportPath": "../esbuild-plugins/esm-externals/dist/index.js",
  },
  Object {
    "importPath": "",
    "importer": "../esbuild-plugins/esm-externals/dist/index.js",
    "resolvedImportPath": "../esbuild-plugins/esm-externals/package.json",
  },
  Object {
    "importPath": "",
    "importer": "../esbuild-plugins/node-resolve/dist/index.js",
    "resolvedImportPath": "../esbuild-plugins/node_modules/builtin-modules/index.js",
  },
  Object {
    "importPath": "",
    "importer": "../esbuild-plugins/node-resolve/dist/index.js",
    "resolvedImportPath": "../esbuild-plugins/node_modules/debug/src/index.js",
  },
  Object {
    "importPath": "",
    "importer": "../esbuild-plugins/esm-externals/dist/index.js",
    "resolvedImportPath": "../esbuild-plugins/node_modules/escape-string-regexp/index.js",
  },
  Object {
    "importPath": "",
    "importer": "../esbuild-plugins/node-resolve/dist/index.js",
    "resolvedImportPath": "../esbuild-plugins/node_modules/resolve/index.js",
  },
  Object {
    "importPath": "",
    "importer": "../esbuild-plugins/node-modules-polyfill/dist/polyfills.js",
    "resolvedImportPath": "../esbuild-plugins/node_modules/rollup-plugin-node-polyfills/polyfills/http.js",
  },
  Object {
    "importPath": "",
    "importer": "../esbuild-plugins/all/dist/index.js",
    "resolvedImportPath": "../esbuild-plugins/node-globals-polyfill/dist/index.js",
  },
  Object {
    "importPath": "",
    "importer": "../esbuild-plugins/all/dist/index.js",
    "resolvedImportPath": "../esbuild-plugins/node-modules-polyfill/dist/index.js",
  },
  Object {
    "importPath": "",
    "importer": "../esbuild-plugins/node-modules-polyfill/dist/index.js",
    "resolvedImportPath": "../esbuild-plugins/node-modules-polyfill/dist/polyfills.js",
  },
  Object {
    "importPath": "",
    "importer": "../esbuild-plugins/node-modules-polyfill/dist/index.js",
    "resolvedImportPath": "../esbuild-plugins/node-modules-polyfill/package.json",
  },
  Object {
    "importPath": "",
    "importer": "../esbuild-plugins/all/dist/index.js",
    "resolvedImportPath": "../esbuild-plugins/node-resolve/dist/index.js",
  },
  Object {
    "importPath": "",
    "importer": "../esbuild-plugins/node-resolve/dist/index.js",
    "resolvedImportPath": "../esbuild-plugins/node-resolve/package.json",
  },
  Object {
    "importPath": "",
    "importer": "src/traverse.ts",
    "resolvedImportPath": "node_modules/batched-promise-all/dist/index.js",
  },
  Object {
    "importPath": "",
    "importer": "src/support.ts",
    "resolvedImportPath": "node_modules/debug/src/index.js",
  },
  Object {
    "importPath": "",
    "importer": "src/esbuild/traverseEsbuild.ts",
    "resolvedImportPath": "node_modules/deepmerge/dist/cjs.js",
  },
  Object {
    "importPath": "",
    "importer": "src/traverse.ts",
    "resolvedImportPath": "node_modules/es-module-lexer/dist/lexer.cjs",
  },
  Object {
    "importPath": "",
    "importer": "src/esbuild/traverseEsbuild.ts",
    "resolvedImportPath": "node_modules/esbuild/lib/main.js",
  },
  Object {
    "importPath": "",
    "importer": "src/esbuild/traverseEsbuild.ts",
    "resolvedImportPath": "node_modules/fs-extra/lib/index.js",
  },
  Object {
    "importPath": "",
    "importer": "src/traverse.ts",
    "resolvedImportPath": "node_modules/is-builtin-module/index.js",
  },
  Object {
    "importPath": "",
    "importer": "tests/support.ts",
    "resolvedImportPath": "node_modules/koa-static/index.js",
  },
  Object {
    "importPath": "",
    "importer": "tests/support.ts",
    "resolvedImportPath": "node_modules/koa/lib/application.js",
  },
  Object {
    "importPath": "",
    "importer": "src/server-functions.ts",
    "resolvedImportPath": "node_modules/node-fetch/lib/index.mjs",
  },
  Object {
    "importPath": "",
    "importer": "src/support.ts",
    "resolvedImportPath": "node_modules/resolve/index.js",
  },
  Object {
    "importPath": "",
    "importer": "tests/support.ts",
    "resolvedImportPath": "node_modules/slash/index.js",
  },
  Object {
    "importPath": "",
    "importer": "src/traverse.ts",
    "resolvedImportPath": "src/constants.ts",
  },
  Object {
    "importPath": "",
    "importer": "tests/esbuild.test.ts",
    "resolvedImportPath": "src/esbuild/index.ts",
  },
  Object {
    "importPath": "",
    "importer": "src/esbuild/index.ts",
    "resolvedImportPath": "src/esbuild/traverseEsbuild.ts",
  },
  Object {
    "importPath": "",
    "importer": "src/server-functions.ts",
    "resolvedImportPath": "src/index.ts",
  },
  Object {
    "importPath": "",
    "importer": "src/traverse.ts",
    "resolvedImportPath": "src/server-functions.ts",
  },
  Object {
    "importPath": "",
    "importer": "src/traverse.ts",
    "resolvedImportPath": "src/support.ts",
  },
  Object {
    "importPath": "",
    "importer": "tests/esbuild.test.ts",
    "resolvedImportPath": "src/traverse.ts",
  },
  Object {
    "importPath": "",
    "importer": "src/index.ts",
    "resolvedImportPath": "src/types.ts",
  },
  Object {
    "importPath": "",
    "importer": "tests/esbuild.test.ts",
    "resolvedImportPath": "tests/support.ts",
  },
]
`;
