// Jest Snapshot v1, https://goo.gl/fbAQLP

exports[`metaToTraversalResult: simple metaToTraversalResult 1`] = `
Array [
  Object {
    "importPath": "",
    "importer": "someFolder/some-file",
    "resolvedImportPath": "someFolder/other-file",
  },
  Object {
    "importPath": "",
    "importer": "someFolder/entry",
    "resolvedImportPath": "someFolder/some-file",
  },
]
`;

exports[`traverseWithEsbuild: traverseWithEsbuild 1`] = `
Array [
  Object {
    "importPath": "",
    "importer": "src/support.ts",
    "resolvedImportPath": "src/constants.ts",
  },
  Object {
    "importPath": "",
    "importer": "tests/esbuild.test.ts",
    "resolvedImportPath": "src/esbuild/index.ts",
  },
  Object {
    "importPath": "",
    "importer": "src/esbuild/index.ts",
    "resolvedImportPath": "src/esbuild/traverseEsbuild.ts",
  },
  Object {
    "importPath": "",
    "importer": "tests/support.ts",
    "resolvedImportPath": "src/support.ts",
  },
  Object {
    "importPath": "",
    "importer": "tests/esbuild.test.ts",
    "resolvedImportPath": "tests/support.ts",
  },
]
`;
