// Jest Snapshot v1, https://goo.gl/fbAQLP

exports[`metaToTraversalResult: simple metaToTraversalResult 1`] = `
Array [
  Object {
    "importPath": "",
    "importer": "/usr/someFolder/entry",
    "resolvedImportPath": "/usr/someFolder/some-file",
  },
  Object {
    "importPath": "",
    "importer": "/usr/someFolder/some-file",
    "resolvedImportPath": "/usr/someFolder/other-file",
  },
]
`;
